../Drivers/CMSIS/Include/core_cm4.h:1688:22:__NVIC_EnableIRQ	16	static
../Core/Src/uart_dma.c:22:6:uart2_rx_tx_init	8	static
../Core/Src/uart_dma.c:64:6:dma1_init	8	static
../Core/Src/uart_dma.c:71:6:dma1_stream5_uart_rx_config	8	static
../Core/Src/uart_dma.c:122:6:dma1_stream6_uart_tx_config	16	static
../Core/Src/uart_dma.c:165:17:compute_uart_baudrate	16	static
../Core/Src/uart_dma.c:168:13:uart_set_baudrate	16	static
../Core/Src/uart_dma.c:171:6:DMA1_Stream5_IRQHandler	4	static
../Core/Src/uart_dma.c:181:6:DMA1_Stream6_IRQHandler	4	static
../Core/Src/uart_dma.c:191:6:USART2_IRQHandler	4	static
